============================================================
RLM Log Analyzer - Root Cause Analysis
============================================================

Log file: /Users/aditya/Desktop/adisir/experimental/infinite_memory_SRE/log/Apache_2k.log
Run artifacts: /Users/aditya/Desktop/adisir/experimental/infinite_memory_SRE/runs
Main model (code generation): z-ai/glm-4.5-air:free
Sub model (semantic queries): z-ai/glm-4.5-air:free
Budget: $2.00 (reserve $0.35)

Loading log file...
Loaded 169,240 characters (2000 lines)

Initializing language models...
Models initialized successfully!

Creating RLM analyzer...
RLM analyzer created!

============================================================
Starting RLM Analysis...
============================================================

The RLM will iteratively write Python code to:
  1. Explore and understand the log structure
  2. Identify error patterns and frequencies
  3. Use llm_query() for semantic analysis of log entries
  4. Correlate events to find root causes
  5. Submit final analysis with recommendations

------------------------------------------------------------
[lm] call start: z-ai/glm-4.5-air:free
[lm] call end:   z-ai/glm-4.5-air:free duration=9534.82s +tokens(p/c/t)=1078/379/1457 +cost=$0.0000 total=$0.0000
2026/01/30 10:40:25 INFO dspy.predict.rlm: RLM iteration 1/10
Reasoning: I need to analyze server logs to identify the root cause of errors. The log content appears to be Apache server logs with mod_jk (JK2 connector) entries. From the preview, I can see there's an error "mod_jk child workerEnv in error state 6" which suggests an issue with the mod_jk connector configuration or workers. My first step is to explore the full log content to understand the structure, identify patterns, and locate all relevant error messages.

Plan:
1. Examine the full log content to understand the structure and identify all errors
2. Look for patterns in the errors, especially around the "error state 6" mentioned in the preview
3. Analyze the timing and frequency of errors
4. Use llm_query for semantic analysis of the error context
5. Determine root cause, severity, and provide recommendations

Let me start by printing the full log content to get a complete picture.
Code:
print(log_content)
